[2026-09-28 21:59:56,860] INFO root: Starting training pipeline
[2026-09-28 21:59:56,861] INFO root: Starting Data Ingestion
[2026-09-28 22:00:05,759] INFO root: Collected data from MongoDb
[2026-09-28 22:00:05,759] INFO root: pulled59520 rows,5 columns from MongoDb
[2026-09-28 22:00:05,959] INFO root: Performing chronological time-series split per station
[2026-09-28 22:00:06,049] INFO root: Train split rows: 47615, Test split rows: 11905
[2026-09-28 22:00:06,186] INFO root: Saved contiguous chronological train and test datasets
[2026-09-28 22:00:06,191] INFO root: Data ingestion completed successfully
[2026-09-28 22:00:06,225] INFO root: Data Ingestion completed
[2026-09-28 22:00:06,226] INFO root: Starting Data Validation
[2026-09-28 22:00:06,255] INFO root: Initiating Data Validation Component
[2026-09-28 22:00:06,256] INFO root: Reading train dataset: Artifacts\data_ingestion\ingested\train.csv
[2026-09-28 22:00:06,256] INFO root: Reading test dataset: Artifacts\data_ingestion\ingested\test.csv
[2026-09-28 22:00:06,347] INFO root: Required number of columns: 5
[2026-09-28 22:00:06,347] INFO root: Dataframe column count: 5
[2026-09-28 22:00:06,347] INFO root: Required number of columns: 5
[2026-09-28 22:00:06,348] INFO root: Dataframe column count: 5
[2026-09-28 22:00:06,404] INFO root: Drift report generated at: Artifacts\data_validation\drift_report\report.yaml
[2026-09-28 22:00:06,404] WARNING root: Data drift detected between training and testing sets.
[2026-09-28 22:00:06,404] INFO root: Data validation succeeded. Saving validated datasets.
[2026-09-28 22:00:06,526] INFO root: Data Validation Artifact: DataValidationArtifact(validation_status=True, valid_train_file_path='Artifacts\\data_validation\\validated\\train.csv', valid_test_file_path='Artifacts\\data_validation\\validated\\test.csv', invalid_train_file_path=None, invalid_test_file_path=None, drift_report_file_path='Artifacts\\data_validation\\drift_report\\report.yaml')
[2026-09-28 22:00:06,527] INFO root: Data Validation completed
[2026-09-28 22:00:06,527] INFO root: Starting Data Transformation
[2026-09-28 22:00:06,527] INFO root: Starting Data Transformation Component
[2026-09-28 22:00:06,527] INFO root: Loading validated train dataset from: Artifacts\data_validation\validated\train.csv
[2026-09-28 22:00:06,527] INFO root: Loading validated test dataset from: Artifacts\data_validation\validated\test.csv
[2026-09-28 22:00:06,649] INFO root: Injecting synthetic anomalies into train and test datasets (~10% rate: spikes, flatlines, physics violations, bounds)
