[2026-09-27 10:45:31,394] INFO root: Starting training pipeline
[2026-09-27 10:45:31,396] INFO root: Starting Data Ingestion
[2026-09-27 10:45:49,810] INFO root: Collected data from MongoDb
[2026-09-27 10:45:49,810] INFO root: pulled59520 rows,5 columns from MongoDb
[2026-09-27 10:45:50,092] INFO root: performed split on data
[2026-09-27 10:45:50,092] INFO root: acquired file path for train and test data
[2026-09-27 10:45:50,331] INFO root: saved train and test datasets
[2026-09-27 10:45:50,339] INFO root: Data ingestion completed successfully
[2026-09-27 10:45:50,366] INFO root: Data Ingestion completed
[2026-09-27 10:45:50,379] INFO root: Starting Data Validation
[2026-09-27 10:45:50,401] INFO root: Initiating Data Validation Component
[2026-09-27 10:45:50,401] INFO root: Reading train dataset: Artifacts\data_ingestion\ingested\train.csv
[2026-09-27 10:45:50,401] INFO root: Reading test dataset: Artifacts\data_ingestion\ingested\test.csv
[2026-09-27 10:45:50,491] INFO root: Required number of columns: 5
[2026-09-27 10:45:50,491] INFO root: Dataframe column count: 5
[2026-09-27 10:45:50,491] INFO root: Required number of columns: 5
[2026-09-27 10:45:50,491] INFO root: Dataframe column count: 5
[2026-09-27 10:45:50,530] INFO root: Drift report generated at: Artifacts\data_validation\drift_report\report.yaml
[2026-09-27 10:45:50,531] INFO root: Data validation succeeded. Saving validated datasets.
[2026-09-27 10:45:50,682] INFO root: Data Validation Artifact: DataValidationArtifact(validation_status=True, valid_train_file_path='Artifacts\\data_validation\\validated\\train.csv', valid_test_file_path='Artifacts\\data_validation\\validated\\test.csv', invalid_train_file_path=None, invalid_test_file_path=None, drift_report_file_path='Artifacts\\data_validation\\drift_report\\report.yaml')
[2026-09-27 10:45:50,683] INFO root: Data Validation completed
[2026-09-27 10:45:50,683] INFO root: Starting Data Transformation
[2026-09-27 10:45:50,683] INFO root: Starting Data Transformation Component
[2026-09-27 10:45:50,683] INFO root: Loading validated train dataset from: Artifacts\data_validation\validated\train.csv
[2026-09-27 10:45:50,683] INFO root: Loading validated test dataset from: Artifacts\data_validation\validated\test.csv
[2026-09-27 10:45:50,762] INFO root: Target column 'is_anomaly' not present (unsupervised sensor stream)
[2026-09-27 10:45:50,860] INFO root: Initiating get_data_transformer_object
[2026-09-27 10:45:50,860] INFO root: Identified 31 numerical features: ['temperature_2m', 'relative_humidity_2m', 'surface_pressure', 'sin_hour', 'cos_hour', 'sin_month', 'cos_month', 'sin_day_of_year', 'cos_day_of_year', 'temperature_2m_rolling_mean_3h', 'temperature_2m_rolling_std_3h', 'temperature_2m_rolling_mean_6h', 'temperature_2m_rolling_std_6h', 'relative_humidity_2m_rolling_mean_3h', 'relative_humidity_2m_rolling_std_3h', 'relative_humidity_2m_rolling_mean_6h', 'relative_humidity_2m_rolling_std_6h', 'surface_pressure_rolling_mean_3h', 'surface_pressure_rolling_std_3h', 'surface_pressure_rolling_mean_6h', 'surface_pressure_rolling_std_6h', 'delta_temperature_2m', 'abs_delta_temperature_2m', 'delta_relative_humidity_2m', 'abs_delta_relative_humidity_2m', 'delta_surface_pressure', 'abs_delta_surface_pressure', 'discomfort_index', 'dew_point_depression', 'temp_pressure_ratio', 'delta_temp_pressure_interaction']
[2026-09-27 10:45:50,860] INFO root: Identified categorical features: ['station']
[2026-09-27 10:45:50,860] INFO root: Created full preprocessing pipeline successfully
[2026-09-27 10:45:50,860] INFO root: Fitting preprocessing pipeline on training dataset
[2026-09-27 10:45:51,457] INFO root: Transforming testing dataset using fitted pipeline
[2026-09-27 10:45:51,546] INFO root: Transformed train array shape: (47616, 36)
[2026-09-27 10:45:51,546] INFO root: Transformed test array shape: (11904, 36)
[2026-09-27 10:45:51,565] INFO root: Saved transformed train array to Artifacts\data_transformation\transformed\train.npy
[2026-09-27 10:45:51,568] INFO root: Saved transformed test array to Artifacts\data_transformation\transformed\test.npy
[2026-09-27 10:45:51,568] INFO root: Entered the save_object method of MainUtils class
[2026-09-27 10:45:51,573] INFO root: Exited the save_object method of MainUtils class
[2026-09-27 10:45:51,573] INFO root: Saved fitted preprocessor object to Artifacts\data_transformation\transformed_object\preprocessor.pkl
[2026-09-27 10:45:51,573] INFO root: Data Transformation Artifact created: DataTransformationArtifact(transformed_object_file_path='Artifacts\\data_transformation\\transformed_object\\preprocessor.pkl', transformed_train_file_path='Artifacts\\data_transformation\\transformed\\train.npy', transformed_test_file_path='Artifacts\\data_transformation\\transformed\\test.npy')
[2026-09-27 10:45:51,576] INFO root: Data Transformation completed
[2026-09-27 10:45:51,576] INFO root: Starting Model Training
[2026-09-27 10:45:51,576] INFO root: Starting Model Trainer Component
[2026-09-27 10:45:51,576] INFO root: Loading transformed train array: Artifacts\data_transformation\transformed\train.npy
[2026-09-27 10:45:51,576] INFO root: Loading transformed test array: Artifacts\data_transformation\transformed\test.npy
[2026-09-27 10:45:51,653] INFO root: x_train shape: (47616, 36), x_test shape: (11904, 36)
[2026-09-27 10:45:51,653] INFO root: Training candidate model: IsolationForest
[2026-09-27 10:45:53,388] INFO root: Model IsolationForest metrics: {'anomaly_ratio_test': 0.393565188172043, 'mean_decision_score': 0.012615017177036699, 'std_decision_score': 0.06636077592876469, 'calibration_score': 0.0}
[2026-09-27 10:45:53,388] INFO root: Training candidate model: OneClassSVM
[2026-09-27 10:48:00,559] INFO root: Model OneClassSVM metrics: {'anomaly_ratio_test': 0.37357190860215056, 'mean_decision_score': -88.30035876763365, 'std_decision_score': 255.79668422442933, 'calibration_score': 0.0}
[2026-09-27 10:48:00,559] INFO root: Training candidate model: LocalOutlierFactor
[2026-09-27 10:48:32,446] INFO root: Model LocalOutlierFactor metrics: {'anomaly_ratio_test': 0.5367943548387096, 'mean_decision_score': -0.18094948760188478, 'std_decision_score': 0.7335326384780382, 'calibration_score': 0.0}
[2026-09-27 10:48:32,447] INFO root: Best model selected: IsolationForest with score 0.1000
[2026-09-27 10:48:32,455] INFO root: Entered the save_object method of MainUtils class
[2026-09-27 10:48:32,770] INFO root: Exited the save_object method of MainUtils class
[2026-09-27 10:48:32,770] INFO root: Saved trained champion model to Artifacts\model_trainer\trained_model\model.pkl
[2026-09-27 10:48:32,928] INFO root: Saved background data sample to Artifacts\model_trainer\explainers\background_data.npy
[2026-09-27 10:48:32,929] INFO root: Initializing SHAP Explainer
[2026-09-27 10:48:40,236] INFO root: Entered the save_object method of MainUtils class
[2026-09-27 10:48:40,554] INFO root: Exited the save_object method of MainUtils class
[2026-09-27 10:48:40,555] INFO root: Saved SHAP explainer to Artifacts\model_trainer\explainers\shap_explainer.pkl
[2026-09-27 10:48:40,555] INFO root: Initializing LIME Tabular Explainer
[2026-09-27 10:48:40,616] INFO root: Entered the save_object method of MainUtils class
[2026-09-27 10:48:40,824] INFO root: Exited the save_object method of MainUtils class
[2026-09-27 10:48:40,824] INFO root: Saved LIME explainer to Artifacts\model_trainer\explainers\lime_explainer.pkl
[2026-09-27 10:48:40,825] INFO root: Model Trainer Artifact successfully generated: ModelTrainerArtifact(trained_model_file_path='Artifacts\\model_trainer\\trained_model\\model.pkl', shap_explainer_file_path='Artifacts\\model_trainer\\explainers\\shap_explainer.pkl', lime_explainer_file_path='Artifacts\\model_trainer\\explainers\\lime_explainer.pkl', best_model_name='IsolationForest', metric_artifact={'IsolationForest': {'anomaly_ratio_test': 0.393565188172043, 'mean_decision_score': 0.012615017177036699, 'std_decision_score': 0.06636077592876469, 'calibration_score': 0.0}, 'OneClassSVM': {'anomaly_ratio_test': 0.37357190860215056, 'mean_decision_score': -88.30035876763365, 'std_decision_score': 255.79668422442933, 'calibration_score': 0.0}, 'LocalOutlierFactor': {'anomaly_ratio_test': 0.5367943548387096, 'mean_decision_score': -0.18094948760188478, 'std_decision_score': 0.7335326384780382, 'calibration_score': 0.0}})
[2026-09-27 10:48:40,838] INFO root: Model Training completed
