[2026-09-28 22:03:39,839] INFO root: Starting training pipeline
[2026-09-28 22:03:39,839] INFO root: Starting Data Ingestion
[2026-09-28 22:03:48,820] INFO root: Collected data from MongoDb
[2026-09-28 22:03:48,821] INFO root: pulled59520 rows,5 columns from MongoDb
[2026-09-28 22:03:48,917] INFO root: Performing chronological time-series split per station
[2026-09-28 22:03:48,977] INFO root: Train split rows: 47615, Test split rows: 11905
[2026-09-28 22:03:49,062] INFO root: Saved contiguous chronological train and test datasets
[2026-09-28 22:03:49,068] INFO root: Data ingestion completed successfully
[2026-09-28 22:03:49,088] INFO root: Data Ingestion completed
[2026-09-28 22:03:49,088] INFO root: Starting Data Validation
[2026-09-28 22:03:49,091] INFO root: Initiating Data Validation Component
[2026-09-28 22:03:49,091] INFO root: Reading train dataset: Artifacts\data_ingestion\ingested\train.csv
[2026-09-28 22:03:49,091] INFO root: Reading test dataset: Artifacts\data_ingestion\ingested\test.csv
[2026-09-28 22:03:49,191] INFO root: Required number of columns: 5
[2026-09-28 22:03:49,191] INFO root: Dataframe column count: 5
[2026-09-28 22:03:49,192] INFO root: Required number of columns: 5
[2026-09-28 22:03:49,192] INFO root: Dataframe column count: 5
[2026-09-28 22:03:49,235] INFO root: Drift report generated at: Artifacts\data_validation\drift_report\report.yaml
[2026-09-28 22:03:49,236] WARNING root: Data drift detected between training and testing sets.
[2026-09-28 22:03:49,236] INFO root: Data validation succeeded. Saving validated datasets.
[2026-09-28 22:03:49,353] INFO root: Data Validation Artifact: DataValidationArtifact(validation_status=True, valid_train_file_path='Artifacts\\data_validation\\validated\\train.csv', valid_test_file_path='Artifacts\\data_validation\\validated\\test.csv', invalid_train_file_path=None, invalid_test_file_path=None, drift_report_file_path='Artifacts\\data_validation\\drift_report\\report.yaml')
[2026-09-28 22:03:49,354] INFO root: Data Validation completed
[2026-09-28 22:03:49,354] INFO root: Starting Data Transformation
[2026-09-28 22:03:49,354] INFO root: Starting Data Transformation Component
[2026-09-28 22:03:49,354] INFO root: Loading validated train dataset from: Artifacts\data_validation\validated\train.csv
[2026-09-28 22:03:49,354] INFO root: Loading validated test dataset from: Artifacts\data_validation\validated\test.csv
[2026-09-28 22:03:49,455] INFO root: Injecting synthetic anomalies into train and test datasets (~10% rate: spikes, flatlines, physics violations, bounds)
[2026-09-28 22:03:49,699] INFO root: Train ground-truth anomalies: 9669/47615 (20.31%)
[2026-09-28 22:03:49,699] INFO root: Test ground-truth anomalies: 2408/11905 (20.23%)
[2026-09-28 22:03:49,726] INFO root: Initiating get_data_transformer_object
[2026-09-28 22:03:49,726] INFO root: Identified 31 numerical features: ['temperature_2m', 'relative_humidity_2m', 'surface_pressure', 'sin_hour', 'cos_hour', 'sin_month', 'cos_month', 'sin_day_of_year', 'cos_day_of_year', 'temperature_2m_rolling_mean_3h', 'temperature_2m_rolling_std_3h', 'temperature_2m_rolling_mean_6h', 'temperature_2m_rolling_std_6h', 'relative_humidity_2m_rolling_mean_3h', 'relative_humidity_2m_rolling_std_3h', 'relative_humidity_2m_rolling_mean_6h', 'relative_humidity_2m_rolling_std_6h', 'surface_pressure_rolling_mean_3h', 'surface_pressure_rolling_std_3h', 'surface_pressure_rolling_mean_6h', 'surface_pressure_rolling_std_6h', 'delta_temperature_2m', 'abs_delta_temperature_2m', 'delta_relative_humidity_2m', 'abs_delta_relative_humidity_2m', 'delta_surface_pressure', 'abs_delta_surface_pressure', 'discomfort_index', 'dew_point_depression', 'temp_pressure_ratio', 'delta_temp_pressure_interaction']
[2026-09-28 22:03:49,726] INFO root: Identified categorical features: ['station']
[2026-09-28 22:03:49,726] INFO root: Created full preprocessing pipeline successfully
[2026-09-28 22:03:49,726] INFO root: Fitting preprocessing pipeline on training dataset
[2026-09-28 22:03:50,160] INFO root: Transforming testing dataset using fitted pipeline
[2026-09-28 22:03:50,227] INFO root: Transformed train array shape: (47615, 37)
[2026-09-28 22:03:50,227] INFO root: Transformed test array shape: (11905, 37)
[2026-09-28 22:03:50,232] INFO root: Saved transformed train array to Artifacts\data_transformation\transformed\train.npy
[2026-09-28 22:03:50,235] INFO root: Saved transformed test array to Artifacts\data_transformation\transformed\test.npy
[2026-09-28 22:03:50,235] INFO root: Entered the save_object method of MainUtils class
[2026-09-28 22:03:50,238] INFO root: Exited the save_object method of MainUtils class
[2026-09-28 22:03:50,238] INFO root: Saved fitted preprocessor object to Artifacts\data_transformation\transformed_object\preprocessor.pkl
[2026-09-28 22:03:50,238] INFO root: Data Transformation Artifact created: DataTransformationArtifact(transformed_object_file_path='Artifacts\\data_transformation\\transformed_object\\preprocessor.pkl', transformed_train_file_path='Artifacts\\data_transformation\\transformed\\train.npy', transformed_test_file_path='Artifacts\\data_transformation\\transformed\\test.npy')
[2026-09-28 22:03:50,241] INFO root: Data Transformation completed
[2026-09-28 22:03:50,241] INFO root: Starting Model Training
[2026-09-28 22:03:50,241] INFO root: Starting Model Trainer Component
[2026-09-28 22:03:50,241] INFO root: Loading transformed train array: Artifacts\data_transformation\transformed\train.npy
[2026-09-28 22:03:50,241] INFO root: Loading transformed test array: Artifacts\data_transformation\transformed\test.npy
[2026-09-28 22:03:50,344] INFO root: x_train shape: (47615, 36), y_train anomaly count: 9669 (20.31%)
[2026-09-28 22:03:50,345] INFO root: x_test shape: (11905, 36), y_test anomaly count: 2408 (20.23%)
[2026-09-28 22:03:50,345] INFO root: Training candidate model: IsolationForest
[2026-09-28 22:03:51,733] INFO root: Model IsolationForest metrics: {'anomaly_ratio_test': 0.2002, 'threshold': -0.0177, 'calibration_score': 0.3673, 'mean_anomaly_score': -0.0421, 'std_anomaly_score': 0.0466, 'precision': 0.3861, 'recall': 0.3821, 'f1_score': 0.3841, 'roc_auc': 0.6303}
[2026-09-28 22:03:51,733] INFO root: Training candidate model: OneClassSVM
[2026-09-28 22:05:30,685] INFO root: Model OneClassSVM metrics: {'anomaly_ratio_test': 0.1424, 'threshold': -14.5883, 'calibration_score': 0.6546, 'mean_anomaly_score': 76.5137, 'std_anomaly_score': 382.6503, 'precision': 0.4844, 'recall': 0.3409, 'f1_score': 0.4002, 'roc_auc': 0.6956}
[2026-09-28 22:05:30,685] INFO root: Training candidate model: LocalOutlierFactor
[2026-09-28 22:06:04,896] INFO root: Model LocalOutlierFactor metrics: {'anomaly_ratio_test': 0.4935, 'threshold': -0.11, 'calibration_score': 0.0195, 'mean_anomaly_score': -0.011, 'std_anomaly_score': 0.3603, 'precision': 0.1889, 'recall': 0.461, 'f1_score': 0.268, 'roc_auc': 0.4595}
[2026-09-28 22:06:04,896] INFO root: Champion model selected: OneClassSVM (F1 Score: 0.4002)
[2026-09-28 22:06:04,903] INFO root: Entered the save_object method of MainUtils class
[2026-09-28 22:06:04,915] INFO root: Exited the save_object method of MainUtils class
[2026-09-28 22:06:04,916] INFO root: Saved trained champion model (OneClassSVM) with threshold -14.5883 to Artifacts\model_trainer\trained_model\model.pkl
[2026-09-28 22:06:04,926] INFO root: Saved background data sample to Artifacts\model_trainer\explainers\background_data.npy
[2026-09-28 22:06:04,927] INFO root: Initializing SHAP Explainer
[2026-09-28 22:06:04,930] INFO root: Entered the save_object method of MainUtils class
[2026-09-28 22:06:04,943] INFO root: Exited the save_object method of MainUtils class
[2026-09-28 22:06:04,944] INFO root: Saved SHAP explainer to Artifacts\model_trainer\explainers\shap_explainer.pkl
[2026-09-28 22:06:04,944] INFO root: Initializing LIME Tabular Explainer
[2026-09-28 22:06:05,000] INFO root: Entered the save_object method of MainUtils class
[2026-09-28 22:06:05,099] INFO root: Exited the save_object method of MainUtils class
[2026-09-28 22:06:05,099] INFO root: Saved LIME explainer to Artifacts\model_trainer\explainers\lime_explainer.pkl
[2026-09-28 22:06:05,100] INFO root: Model Trainer Artifact successfully generated: ModelTrainerArtifact(trained_model_file_path='Artifacts\\model_trainer\\trained_model\\model.pkl', shap_explainer_file_path='Artifacts\\model_trainer\\explainers\\shap_explainer.pkl', lime_explainer_file_path='Artifacts\\model_trainer\\explainers\\lime_explainer.pkl', best_model_name='OneClassSVM', metric_artifact={'IsolationForest': {'anomaly_ratio_test': 0.2002, 'threshold': -0.0177, 'calibration_score': 0.3673, 'mean_anomaly_score': -0.0421, 'std_anomaly_score': 0.0466, 'precision': 0.3861, 'recall': 0.3821, 'f1_score': 0.3841, 'roc_auc': 0.6303}, 'OneClassSVM': {'anomaly_ratio_test': 0.1424, 'threshold': -14.5883, 'calibration_score': 0.6546, 'mean_anomaly_score': 76.5137, 'std_anomaly_score': 382.6503, 'precision': 0.4844, 'recall': 0.3409, 'f1_score': 0.4002, 'roc_auc': 0.6956}, 'LocalOutlierFactor': {'anomaly_ratio_test': 0.4935, 'threshold': -0.11, 'calibration_score': 0.0195, 'mean_anomaly_score': -0.011, 'std_anomaly_score': 0.3603, 'precision': 0.1889, 'recall': 0.461, 'f1_score': 0.268, 'roc_auc': 0.4595}})
[2026-09-28 22:06:05,104] INFO root: Model Training completed
